Archive member included to satisfy reference by file (symbol)

D:/stm/STM32CubeIDE_1.18.1/STM32CubeIDE/plugins/com.st.stm32cube.ide.mcu.externaltools.gnu-tools-for-stm32.13.3.rel1.win32_1.0.0.202411081344/tools/bin/../lib/gcc/arm-none-eabi/13.3.1/../../../../arm-none-eabi/lib/thumb/v8-m.main+fp/hard\libc_nano.a(libc_a-exit.o)
                              D:/stm/STM32CubeIDE_1.18.1/STM32CubeIDE/plugins/com.st.stm32cube.ide.mcu.externaltools.gnu-tools-for-stm32.13.3.rel1.win32_1.0.0.202411081344/tools/bin/../lib/gcc/arm-none-eabi/13.3.1/../../../../arm-none-eabi/lib/thumb/v8-m.main+fp/hard/crt0.o (exit)
D:/stm/STM32CubeIDE_1.18.1/STM32CubeIDE/plugins/com.st.stm32cube.ide.mcu.externaltools.gnu-tools-for-stm32.13.3.rel1.win32_1.0.0.202411081344/tools/bin/../lib/gcc/arm-none-eabi/13.3.1/../../../../arm-none-eabi/lib/thumb/v8-m.main+fp/hard\libc_nano.a(libc_a-findfp.o)
                              D:/stm/STM32CubeIDE_1.18.1/STM32CubeIDE/plugins/com.st.stm32cube.ide.mcu.externaltools.gnu-tools-for-stm32.13.3.rel1.win32_1.0.0.202411081344/tools/bin/../lib/gcc/arm-none-eabi/13.3.1/../../../../arm-none-eabi/lib/thumb/v8-m.main+fp/hard\libc_nano.a(libc_a-exit.o) (__stdio_exit_handler)
D:/stm/STM32CubeIDE_1.18.1/STM32CubeIDE/plugins/com.st.stm32cube.ide.mcu.externaltools.gnu-tools-for-stm32.13.3.rel1.win32_1.0.0.202411081344/tools/bin/../lib/gcc/arm-none-eabi/13.3.1/../../../../arm-none-eabi/lib/thumb/v8-m.main+fp/hard\libc_nano.a(libc_a-fwalk.o)
                              D:/stm/STM32CubeIDE_1.18.1/STM32CubeIDE/plugins/com.st.stm32cube.ide.mcu.externaltools.gnu-tools-for-stm32.13.3.rel1.win32_1.0.0.202411081344/tools/bin/../lib/gcc/arm-none-eabi/13.3.1/../../../../arm-none-eabi/lib/thumb/v8-m.main+fp/hard\libc_nano.a(libc_a-findfp.o) (_fwalk_sglue)
D:/stm/STM32CubeIDE_1.18.1/STM32CubeIDE/plugins/com.st.stm32cube.ide.mcu.externaltools.gnu-tools-for-stm32.13.3.rel1.win32_1.0.0.202411081344/tools/bin/../lib/gcc/arm-none-eabi/13.3.1/../../../../arm-none-eabi/lib/thumb/v8-m.main+fp/hard\libc_nano.a(libc_a-sprintf.o)
                              ./Core/Src/main.o (sprintf)
D:/stm/STM32CubeIDE_1.18.1/STM32CubeIDE/plugins/com.st.stm32cube.ide.mcu.externaltools.gnu-tools-for-stm32.13.3.rel1.win32_1.0.0.202411081344/tools/bin/../lib/gcc/arm-none-eabi/13.3.1/../../../../arm-none-eabi/lib/thumb/v8-m.main+fp/hard\libc_nano.a(libc_a-stdio.o)
                              D:/stm/STM32CubeIDE_1.18.1/STM32CubeIDE/plugins/com.st.stm32cube.ide.mcu.externaltools.gnu-tools-for-stm32.13.3.rel1.win32_1.0.0.202411081344/tools/bin/../lib/gcc/arm-none-eabi/13.3.1/../../../../arm-none-eabi/lib/thumb/v8-m.main+fp/hard\libc_nano.a(libc_a-findfp.o) (__sread)
D:/stm/STM32CubeIDE_1.18.1/STM32CubeIDE/plugins/com.st.stm32cube.ide.mcu.externaltools.gnu-tools-for-stm32.13.3.rel1.win32_1.0.0.202411081344/tools/bin/../lib/gcc/arm-none-eabi/13.3.1/../../../../arm-none-eabi/lib/thumb/v8-m.main+fp/hard\libc_nano.a(libc_a-memset.o)
                              D:/stm/STM32CubeIDE_1.18.1/STM32CubeIDE/plugins/com.st.stm32cube.ide.mcu.externaltools.gnu-tools-for-stm32.13.3.rel1.win32_1.0.0.202411081344/tools/bin/../lib/gcc/arm-none-eabi/13.3.1/../../../../arm-none-eabi/lib/thumb/v8-m.main+fp/hard/crt0.o (memset)
D:/stm/STM32CubeIDE_1.18.1/STM32CubeIDE/plugins/com.st.stm32cube.ide.mcu.externaltools.gnu-tools-for-stm32.13.3.rel1.win32_1.0.0.202411081344/tools/bin/../lib/gcc/arm-none-eabi/13.3.1/../../../../arm-none-eabi/lib/thumb/v8-m.main+fp/hard\libc_nano.a(libc_a-closer.o)
                              D:/stm/STM32CubeIDE_1.18.1/STM32CubeIDE/plugins/com.st.stm32cube.ide.mcu.externaltools.gnu-tools-for-stm32.13.3.rel1.win32_1.0.0.202411081344/tools/bin/../lib/gcc/arm-none-eabi/13.3.1/../../../../arm-none-eabi/lib/thumb/v8-m.main+fp/hard\libc_nano.a(libc_a-stdio.o) (_close_r)
D:/stm/STM32CubeIDE_1.18.1/STM32CubeIDE/plugins/com.st.stm32cube.ide.mcu.externaltools.gnu-tools-for-stm32.13.3.rel1.win32_1.0.0.202411081344/tools/bin/../lib/gcc/arm-none-eabi/13.3.1/../../../../arm-none-eabi/lib/thumb/v8-m.main+fp/hard\libc_nano.a(libc_a-reent.o)
                              D:/stm/STM32CubeIDE_1.18.1/STM32CubeIDE/plugins/com.st.stm32cube.ide.mcu.externaltools.gnu-tools-for-stm32.13.3.rel1.win32_1.0.0.202411081344/tools/bin/../lib/gcc/arm-none-eabi/13.3.1/../../../../arm-none-eabi/lib/thumb/v8-m.main+fp/hard\libc_nano.a(libc_a-closer.o) (errno)
D:/stm/STM32CubeIDE_1.18.1/STM32CubeIDE/plugins/com.st.stm32cube.ide.mcu.externaltools.gnu-tools-for-stm32.13.3.rel1.win32_1.0.0.202411081344/tools/bin/../lib/gcc/arm-none-eabi/13.3.1/../../../../arm-none-eabi/lib/thumb/v8-m.main+fp/hard\libc_nano.a(libc_a-impure.o)
                              D:/stm/STM32CubeIDE_1.18.1/STM32CubeIDE/plugins/com.st.stm32cube.ide.mcu.externaltools.gnu-tools-for-stm32.13.3.rel1.win32_1.0.0.202411081344/tools/bin/../lib/gcc/arm-none-eabi/13.3.1/../../../../arm-none-eabi/lib/thumb/v8-m.main+fp/hard\libc_nano.a(libc_a-sprintf.o) (_impure_ptr)
[...]
Memory Configuration

Name             Origin             Length             Attributes
RAM              0x20000000         0x00008000         xrw
FLASH            0x08000000         0x00020000         xr
*default*        0x00000000         0xffffffff

Linker script and memory map

LOAD D:/stm/STM32CubeIDE_1.18.1/STM32CubeIDE/plugins/com.st.stm32cube.ide.mcu.externaltools.gnu-tools-for-stm32.13.3.rel1.win32_1.0.0.202411081344/tools/bin/../lib/gcc/arm-none-eabi/13.3.1/thumb/v8-m.main+fp/hard/crti.o
LOAD D:/stm/STM32CubeIDE_1.18.1/STM32CubeIDE/plugins/com.st.stm32cube.ide.mcu.externaltools.gnu-tools-for-stm32.13.3.rel1.win32_1.0.0.202411081344/tools/bin/../lib/gcc/arm-none-eabi/13.3.1/thumb/v8-m.main+fp/hard/crtbegin.o
LOAD D:/stm/STM32CubeIDE_1.18.1/STM32CubeIDE/plugins/com.st.stm32cube.ide.mcu.externaltools.gnu-tools-for-stm32.13.3.rel1.win32_1.0.0.202411081344/tools/bin/../lib/gcc/arm-none-eabi/13.3.1/../../../../arm-none-eabi/lib/thumb/v8-m.main+fp/hard/crt0.o
LOAD ./Core/Src/main.o
LOAD ./Core/Src/stm32h5xx_hal_msp.o
LOAD ./Core/Src/stm32h5xx_it.o
LOAD ./Core/Src/syscalls.o
LOAD ./Core/Src/sysmem.o
LOAD ./Core/Src/system_stm32h5xx.o
LOAD ./Core/Startup/startup_stm32h503cbtx.o
LOAD ./Drivers/STM32H5xx_HAL_Driver/Src/stm32h5xx_hal.o
LOAD ./Drivers/STM32H5xx_HAL_Driver/Src/stm32h5xx_hal_cortex.o
LOAD ./Drivers/STM32H5xx_HAL_Driver/Src/stm32h5xx_hal_dma.o
LOAD ./Drivers/STM32H5xx_HAL_Driver/Src/stm32h5xx_hal_dma_ex.o
LOAD ./Drivers/STM32H5xx_HAL_Driver/Src/stm32h5xx_hal_exti.o
LOAD ./Drivers/STM32H5xx_HAL_Driver/Src/stm32h5xx_hal_flash.o
LOAD ./Drivers/STM32H5xx_HAL_Driver/Src/stm32h5xx_hal_flash_ex.o
LOAD ./Drivers/STM32H5xx_HAL_Driver/Src/stm32h5xx_hal_gpio.o
LOAD ./Drivers/STM32H5xx_HAL_Driver/Src/stm32h5xx_hal_i2c.o
LOAD ./Drivers/STM32H5xx_HAL_Driver/Src/stm32h5xx_hal_i2c_ex.o
LOAD ./Drivers/STM32H5xx_HAL_Driver/Src/stm32h5xx_hal_pwr.o
LOAD ./Drivers/STM32H5xx_HAL_Driver/Src/stm32h5xx_hal_pwr_ex.o
LOAD ./Drivers/STM32H5xx_HAL_Driver/Src/stm32h5xx_hal_rcc.o
LOAD ./Drivers/STM32H5xx_HAL_Driver/Src/stm32h5xx_hal_rcc_ex.o
LOAD ./Drivers/STM32H5xx_HAL_Driver/Src/stm32h5xx_hal_uart.o
LOAD ./Drivers/STM32H5xx_HAL_Driver/Src/stm32h5xx_hal_uart_ex.o
START GROUP
LOAD D:/stm/STM32CubeIDE_1.18.1/STM32CubeIDE/plugins/com.st.stm32cube.ide.mcu.externaltools.gnu-tools-for-stm32.13.3.rel1.win32_1.0.0.202411081344/tools/bin/../lib/gcc/arm-none-eabi/13.3.1/../../../../arm-none-eabi/lib/thumb/v8-m.main+fp/hard\libstdc++_nano.a
LOAD D:/stm/STM32CubeIDE_1.18.1/STM32CubeIDE/plugins/com.st.stm32cube.ide.mcu.externaltools.gnu-tools-for-stm32.13.3.rel1.win32_1.0.0.202411081344/tools/bin/../lib/gcc/arm-none-eabi/13.3.1/../../../../arm-none-eabi/lib/thumb/v8-m.main+fp/hard\libsupc++_nano.a
END GROUP
LOAD D:/stm/STM32CubeIDE_1.18.1/STM32CubeIDE/plugins/com.st.stm32cube.ide.mcu.externaltools.gnu-tools-for-stm32.13.3.rel1.win32_1.0.0.202411081344/tools/bin/../lib/gcc/arm-none-eabi/13.3.1/../../../../arm-none-eabi/lib/thumb/v8-m.main+fp/hard\libstdc++_nano.a
LOAD D:/stm/STM32CubeIDE_1.18.1/STM32CubeIDE/plugins/com.st.stm32cube.ide.mcu.externaltools.gnu-tools-for-stm32.13.3.rel1.win32_1.0.0.202411081344/tools/bin/../lib/gcc/arm-none-eabi/13.3.1/../../../../arm-none-eabi/lib/thumb/v8-m.main+fp/hard\libm.a
LOAD D:/stm/STM32CubeIDE_1.18.1/STM32CubeIDE/plugins/com.st.stm32cube.ide.mcu.externaltools.gnu-tools-for-stm32.13.3.rel1.win32_1.0.0.202411081344/tools/bin/../lib/gcc/arm-none-eabi/13.3.1/../../../../arm-none-eabi/lib/thumb/v8-m.main+fp/hard\libc_nano.a
START GROUP
LOAD D:/stm/STM32CubeIDE_1.18.1/STM32CubeIDE/plugins/com.st.stm32cube.ide.mcu.externaltools.gnu-tools-for-stm32.13.3.rel1.win32_1.0.0.202411081344/tools/bin/../lib/gcc/arm-none-eabi/13.3.1/thumb/v8-m.main+fp/hard\libgcc.a
LOAD D:/stm/STM32CubeIDE_1.18.1/STM32CubeIDE/plugins/com.st.stm32cube.ide.mcu.externaltools.gnu-tools-for-stm32.13.3.rel1.win32_1.0.0.202411081344/tools/bin/../lib/gcc/arm-none-eabi/13.3.1/../../../../arm-none-eabi/lib/thumb/v8-m.main+fp/hard\libc_nano.a
END GROUP
START GROUP
LOAD D:/stm/STM32CubeIDE_1.18.1/STM32CubeIDE/plugins/com.st.stm32cube.ide.mcu.externaltools.gnu-tools-for-stm32.13.3.rel1.win32_1.0.0.202411081344/tools/bin/../lib/gcc/arm-none-eabi/13.3.1/thumb/v8-m.main+fp/hard\libgcc.a
LOAD D:/stm/STM32CubeIDE_1.18.1/STM32CubeIDE/plugins/com.st.stm32cube.ide.mcu.externaltools.gnu-tools-for-stm32.13.3.rel1.win32_1.0.0.202411081344/tools/bin/../lib/gcc/arm-none-eabi/13.3.1/../../../../arm-none-eabi/lib/thumb/v8-m.main+fp/hard\libc_nano.a
LOAD D:/stm/STM32CubeIDE_1.18.1/STM32CubeIDE/plugins/com.st.stm32cube.ide.mcu.externaltools.gnu-tools-for-stm32.13.3.rel1.win32_1.0.0.202411081344/tools/bin/../lib/gcc/arm-none-eabi/13.3.1/../../../../arm-none-eabi/lib/thumb/v8-m.main+fp/hard\libnosys.a
END GROUP
START GROUP
LOAD D:/stm/STM32CubeIDE_1.18.1/STM32CubeIDE/plugins/com.st.stm32cube.ide.mcu.externaltools.gnu-tools-for-stm32.13.3.rel1.win32_1.0.0.202411081344/tools/bin/../lib/gcc/arm-none-eabi/13.3.1/thumb/v8-m.main+fp/hard\libgcc.a
LOAD D:/stm/STM32CubeIDE_1.18.1/STM32CubeIDE/plugins/com.st.stm32cube.ide.mcu.externaltools.gnu-tools-for-stm32.13.3.rel1.win32_1.0.0.202411081344/tools/bin/../lib/gcc/arm-none-eabi/13.3.1/../../../../arm-none-eabi/lib/thumb/v8-m.main+fp/hard\libc_nano.a
LOAD D:/stm/STM32CubeIDE_1.18.1/STM32CubeIDE/plugins/com.st.stm32cube.ide.mcu.externaltools.gnu-tools-for-stm32.13.3.rel1.win32_1.0.0.202411081344/tools/bin/../lib/gcc/arm-none-eabi/13.3.1/../../../../arm-none-eabi/lib/thumb/v8-m.main+fp/hard\libnosys.a
END GROUP
LOAD D:/stm/STM32CubeIDE_1.18.1/STM32CubeIDE/plugins/com.st.stm32cube.ide.mcu.externaltools.gnu-tools-for-stm32.13.3.rel1.win32_1.0.0.202411081344/tools/bin/../lib/gcc/arm-none-eabi/13.3.1/thumb/v8-m.main+fp/hard/crtend.o
LOAD D:/stm/STM32CubeIDE_1.18.1/STM32CubeIDE/plugins/com.st.stm32cube.ide.mcu.externaltools.gnu-tools-for-stm32.13.3.rel1.win32_1.0.0.202411081344/tools/bin/../lib/gcc/arm-none-eabi/13.3.1/thumb/v8-m.main+fp/hard/crtn.o
                0x20008000                        _estack = (ORIGIN (RAM) + LENGTH (RAM))
                0x00000200                        _Min_Heap_Size = 0x200
                0x00000400                        _Min_Stack_Size = 0x400

.isr_vector     0x08000000      0x258
                0x08000000                        . = ALIGN (0x4)
 *(.isr_vector)
 .isr_vector    0x08000000      0x258 ./Core/Startup/startup_stm32h503cbtx.o
                0x08000000                g_pfnVectors
                0x08000258                        . = ALIGN (0x4)

.text           0x08000258     0x5a2c
                0x08000258                        . = ALIGN (0x4)
 *(.text)
 .text          0x08000258       0x40 D:/stm/STM32CubeIDE_1.18.1/STM32CubeIDE/plugins/com.st.stm32cube.ide.mcu.externaltools.gnu-tools-for-stm32.13.3.rel1.win32_1.0.0.202411081344/tools/bin/../lib/gcc/arm-none-eabi/13.3.1/thumb/v8-m.main+fp/hard/crtbegin.o
 .text          0x08000298       0x30 D:/stm/STM32CubeIDE_1.18.1/STM32CubeIDE/plugins/com.st.stm32cube.ide.mcu.externaltools.gnu-tools-for-stm32.13.3.rel1.win32_1.0.0.202411081344/tools/bin/../lib/gcc/arm-none-eabi/13.3.1/thumb/v8-m.main+fp/hard\libgcc.a(_aeabi_uldivmod.o)
                0x08000298                __aeabi_uldivmod
 .text          0x080002c8      0x348 D:/stm/STM32CubeIDE_1.18.1/STM32CubeIDE/plugins/com.st.stm32cube.ide.mcu.externaltools.gnu-tools-for-stm32.13.3.rel1.win32_1.0.0.202411081344/tools/bin/../lib/gcc/arm-none-eabi/13.3.1/thumb/v8-m.main+fp/hard\libgcc.a(_udivmoddi4.o)
                0x080002c8                __udivmoddi4
 .text          0x08000610        0x4 D:/stm/STM32CubeIDE_1.18.1/STM32CubeIDE/plugins/com.st.stm32cube.ide.mcu.externaltools.gnu-tools-for-stm32.13.3.rel1.win32_1.0.0.202411081344/tools/bin/../lib/gcc/arm-none-eabi/13.3.1/thumb/v8-m.main+fp/hard\libgcc.a(_dvmd_tls.o)
                0x08000610                __aeabi_idiv0
                0x08000610                __aeabi_ldiv0
 *(.text*)
 .text.Mem_Add  0x08000614       0x58 ./Core/Src/main.o
                0x08000614                Mem_Add
 .text.Mem_read
                0x0800066c       0xa8 ./Core/Src/main.o
                0x0800066c                Mem_read
 .text.main     0x08000714       0x4c ./Core/Src/main.o
                0x08000714                main
 .text.SystemClock_Config
                0x08000760       0xc0 ./Core/Src/main.o
                0x08000760                SystemClock_Config
 .text.MX_I2C1_Init
                0x08000820       0xe8 ./Core/Src/main.o
 .text.MX_USART1_UART_Init
                0x08000908       0x98 ./Core/Src/main.o
 .text.MX_GPIO_Init
                0x080009a0       0x70 ./Core/Src/main.o
 .text.Error_Handler
                0x08000a10        0xc ./Core/Src/main.o
                0x08000a10                Error_Handler
 .text.HAL_MspInit
                0x08000a1c        0xe ./Core/Src/stm32h5xx_hal_msp.o
                0x08000a1c                HAL_MspInit
 *fill*         0x08000a2a        0x2 
 .text.HAL_I2C_MspInit
                0x08000a2c       0xfc ./Core/Src/stm32h5xx_hal_msp.o
                0x08000a2c                HAL_I2C_MspInit
 .text.HAL_UART_MspInit
                0x08000b28       0xd0 ./Core/Src/stm32h5xx_hal_msp.o
                0x08000b28                HAL_UART_MspInit
 .text.NMI_Handler
                0x08000bf8        0x8 ./Core/Src/stm32h5xx_it.o
                0x08000bf8                NMI_Handler
 .text.HardFault_Handler
                0x08000c00        0x8 ./Core/Src/stm32h5xx_it.o
                0x08000c00                HardFault_Handler
 .text.MemManage_Handler
                0x08000c08        0x8 ./Core/Src/stm32h5xx_it.o
                0x08000c08                MemManage_Handler
 .text.BusFault_Handler
                0x08000c10        0x8 ./Core/Src/stm32h5xx_it.o
                0x08000c10                BusFault_Handler
 .text.UsageFault_Handler
                0x08000c18        0x8 ./Core/Src/stm32h5xx_it.o
                0x08000c18                UsageFault_Handler
 .text.SVC_Handler
                0x08000c20        0xe ./Core/Src/stm32h5xx_it.o
                0x08000c20                SVC_Handler
 .text.DebugMon_Handler
                0x08000c2e        0xe ./Core/Src/stm32h5xx_it.o
                0x08000c2e                DebugMon_Handler
 .text.PendSV_Handler
                0x08000c3c        0xe ./Core/Src/stm32h5xx_it.o
                0x08000c3c                PendSV_Handler
 .text.SysTick_Handler
                0x08000c4a        0xc ./Core/Src/stm32h5xx_it.o
                0x08000c4a                SysTick_Handler
 *fill*         0x08000c56        0x2 
 .text.SystemInit
                0x08000c58       0xe4 ./Core/Src/system_stm32h5xx.o
                0x08000c58                SystemInit
 .text.Reset_Handler
                0x08000d3c       0x50 ./Core/Startup/startup_stm32h503cbtx.o
                0x08000d3c                Reset_Handler
 .text.Default_Handler
                0x08000d8c        0x2 ./Core/Startup/startup_stm32h503cbtx.o
                0x08000d8c                EXTI2_IRQHandler
                0x08000d8c                EXTI5_IRQHandler
                0x08000d8c                I3C1_ER_IRQHandler
                0x08000d8c                GPDMA2_Channel1_IRQHandler
                0x08000d8c                EXTI13_IRQHandler
                0x08000d8c                TIM1_CC_IRQHandler
                0x08000d8c                GPDMA2_Channel3_IRQHandler
                0x08000d8c                TAMP_IRQHandler
                0x08000d8c                TIM6_IRQHandler
                0x08000d8c                EXTI12_IRQHandler
                0x08000d8c                USB_DRD_FS_IRQHandler
                0x08000d8c                EXTI3_IRQHandler
                0x08000d8c                GPDMA1_Channel5_IRQHandler
                0x08000d8c                EXTI8_IRQHandler
                0x08000d8c                GPDMA2_Channel5_IRQHandler
                0x08000d8c                LPTIM2_IRQHandler
                0x08000d8c                GPDMA2_Channel2_IRQHandler
                0x08000d8c                EXTI0_IRQHandler
                0x08000d8c                I2C2_EV_IRQHandler
                0x08000d8c                FPU_IRQHandler
                0x08000d8c                GPDMA1_Channel3_IRQHandler
                0x08000d8c                GPDMA1_Channel7_IRQHandler
                0x08000d8c                FDCAN1_IT1_IRQHandler
                0x08000d8c                RAMCFG_IRQHandler
                0x08000d8c                SPI1_IRQHandler
                0x08000d8c                GPDMA1_Channel2_IRQHandler
                0x08000d8c                ADC1_IRQHandler
                0x08000d8c                I3C2_ER_IRQHandler
                0x08000d8c                EXTI15_IRQHandler
                0x08000d8c                USART3_IRQHandler
                0x08000d8c                RTC_IRQHandler
                0x08000d8c                EXTI9_IRQHandler
                0x08000d8c                I3C2_EV_IRQHandler
                0x08000d8c                I2C1_EV_IRQHandler
                0x08000d8c                GPDMA1_Channel1_IRQHandler
                0x08000d8c                TIM3_IRQHandler
                0x08000d8c                RCC_IRQHandler
                0x08000d8c                TIM1_TRG_COM_IRQHandler
                0x08000d8c                Default_Handler
                0x08000d8c                GPDMA2_Channel4_IRQHandler
                0x08000d8c                TIM7_IRQHandler
                0x08000d8c                GPDMA1_Channel0_IRQHandler
                0x08000d8c                I3C1_EV_IRQHandler
                0x08000d8c                PVD_AVD_IRQHandler
                0x08000d8c                SPI2_IRQHandler
                0x08000d8c                EXTI14_IRQHandler
                0x08000d8c                EXTI11_IRQHandler
                0x08000d8c                CRS_IRQHandler
                0x08000d8c                EXTI4_IRQHandler
                0x08000d8c                GPDMA2_Channel0_IRQHandler
                0x08000d8c                RNG_IRQHandler
                0x08000d8c                GPDMA2_Channel6_IRQHandler
                0x08000d8c                TIM1_UP_IRQHandler
                0x08000d8c                WWDG_IRQHandler
                0x08000d8c                IWDG_IRQHandler
                0x08000d8c                LPUART1_IRQHandler
                0x08000d8c                FDCAN1_IT0_IRQHandler
                0x08000d8c                TIM2_IRQHandler
                0x08000d8c                GPDMA1_Channel4_IRQHandler
                0x08000d8c                EXTI7_IRQHandler
                0x08000d8c                TIM1_BRK_IRQHandler
                0x08000d8c                EXTI1_IRQHandler
                0x08000d8c                DAC1_IRQHandler
                0x08000d8c                DTS_IRQHandler
                0x08000d8c                GTZC_IRQHandler
                0x08000d8c                USART2_IRQHandler
                0x08000d8c                GPDMA1_Channel6_IRQHandler
                0x08000d8c                GPDMA2_Channel7_IRQHandler
                0x08000d8c                I2C2_ER_IRQHandler
                0x08000d8c                FLASH_IRQHandler
                0x08000d8c                USART1_IRQHandler
                0x08000d8c                EXTI10_IRQHandler
                0x08000d8c                SPI3_IRQHandler
                0x08000d8c                I2C1_ER_IRQHandler
                0x08000d8c                EXTI6_IRQHandler
                0x08000d8c                COMP1_IRQHandler
                0x08000d8c                LPTIM1_IRQHandler
                0x08000d8c                ICACHE_IRQHandler
                0x08000d8c                HASH_IRQHandler
 *fill*         0x08000d8e        0x2 
 .text.HAL_Init
                0x08000d90       0x50 ./Drivers/STM32H5xx_HAL_Driver/Src/stm32h5xx_hal.o
                0x08000d90                HAL_Init
 .text.HAL_InitTick
                0x08000de0       0xec ./Drivers/STM32H5xx_HAL_Driver/Src/stm32h5xx_hal.o
                0x08000de0                HAL_InitTick
 .text.HAL_IncTick
                0x08000ecc       0x28 ./Drivers/STM32H5xx_HAL_Driver/Src/stm32h5xx_hal.o
                0x08000ecc                HAL_IncTick
 .text.HAL_GetTick
                0x08000ef4       0x18 ./Drivers/STM32H5xx_HAL_Driver/Src/stm32h5xx_hal.o
                0x08000ef4                HAL_GetTick
 .text.HAL_Delay
                0x08000f0c       0x48 ./Drivers/STM32H5xx_HAL_Driver/Src/stm32h5xx_hal.o
                0x08000f0c                HAL_Delay
 .text.__NVIC_SetPriorityGrouping
                0x08000f54       0x48 ./Drivers/STM32H5xx_HAL_Driver/Src/stm32h5xx_hal_cortex.o
 .text.__NVIC_GetPriorityGrouping
                0x08000f9c       0x1c ./Drivers/STM32H5xx_HAL_Driver/Src/stm32h5xx_hal_cortex.o
 .text.__NVIC_SetPriority
                0x08000fb8       0x54 ./Drivers/STM32H5xx_HAL_Driver/Src/stm32h5xx_hal_cortex.o
 .text.NVIC_EncodePriority
                0x0800100c       0x66 ./Drivers/STM32H5xx_HAL_Driver/Src/stm32h5xx_hal_cortex.o
 .text.HAL_NVIC_SetPriorityGrouping
                0x08001072       0x16 ./Drivers/STM32H5xx_HAL_Driver/Src/stm32h5xx_hal_cortex.o
                0x08001072                HAL_NVIC_SetPriorityGrouping
 .text.HAL_NVIC_SetPriority
                0x08001088       0x34 ./Drivers/STM32H5xx_HAL_Driver/Src/stm32h5xx_hal_cortex.o
                0x08001088                HAL_NVIC_SetPriority
 .text.HAL_SYSTICK_Config
                0x080010bc       0x44 ./Drivers/STM32H5xx_HAL_Driver/Src/stm32h5xx_hal_cortex.o
                0x080010bc                HAL_SYSTICK_Config
 .text.HAL_SYSTICK_CLKSourceConfig
                0x08001100       0xb0 ./Drivers/STM32H5xx_HAL_Driver/Src/stm32h5xx_hal_cortex.o
                0x08001100                HAL_SYSTICK_CLKSourceConfig
 .text.HAL_SYSTICK_GetCLKSourceConfig
                0x080011b0       0x6c ./Drivers/STM32H5xx_HAL_Driver/Src/stm32h5xx_hal_cortex.o
                0x080011b0                HAL_SYSTICK_GetCLKSourceConfig
 .text.HAL_GPIO_Init
                0x0800121c      0x2bc ./Drivers/STM32H5xx_HAL_Driver/Src/stm32h5xx_hal_gpio.o
                0x0800121c                HAL_GPIO_Init
 .text.HAL_I2C_Init
                0x080014d8      0x136 ./Drivers/STM32H5xx_HAL_Driver/Src/stm32h5xx_hal_i2c.o
                0x080014d8                HAL_I2C_Init
 *fill*         0x0800160e        0x2 
 .text.HAL_I2C_Master_Transmit
                0x08001610      0x1e8 ./Drivers/STM32H5xx_HAL_Driver/Src/stm32h5xx_hal_i2c.o
                0x08001610                HAL_I2C_Master_Transmit
 .text.HAL_I2C_Master_Receive
                0x080017f8      0x1ec ./Drivers/STM32H5xx_HAL_Driver/Src/stm32h5xx_hal_i2c.o
                0x080017f8                HAL_I2C_Master_Receive
 .text.I2C_Flush_TXDR
                0x080019e4       0x48 ./Drivers/STM32H5xx_HAL_Driver/Src/stm32h5xx_hal_i2c.o
 .text.I2C_WaitOnFlagUntilTimeout
                0x08001a2c       0xb2 ./Drivers/STM32H5xx_HAL_Driver/Src/stm32h5xx_hal_i2c.o
 .text.I2C_WaitOnTXISFlagUntilTimeout
                0x08001ade       0x8e ./Drivers/STM32H5xx_HAL_Driver/Src/stm32h5xx_hal_i2c.o
 .text.I2C_WaitOnSTOPFlagUntilTimeout
                0x08001b6c       0x86 ./Drivers/STM32H5xx_HAL_Driver/Src/stm32h5xx_hal_i2c.o
 *fill*         0x08001bf2        0x2 
 .text.I2C_WaitOnRXNEFlagUntilTimeout
                0x08001bf4      0x118 ./Drivers/STM32H5xx_HAL_Driver/Src/stm32h5xx_hal_i2c.o
 .text.I2C_IsErrorOccurred
                0x08001d0c      0x1c0 ./Drivers/STM32H5xx_HAL_Driver/Src/stm32h5xx_hal_i2c.o
 .text.I2C_TransferConfig
                0x08001ecc       0x64 ./Drivers/STM32H5xx_HAL_Driver/Src/stm32h5xx_hal_i2c.o
 .text.HAL_I2CEx_ConfigAnalogFilter
                0x08001f30       0x96 ./Drivers/STM32H5xx_HAL_Driver/Src/stm32h5xx_hal_i2c_ex.o
                0x08001f30                HAL_I2CEx_ConfigAnalogFilter
 .text.HAL_I2CEx_ConfigDigitalFilter
                0x08001fc6       0x98 ./Drivers/STM32H5xx_HAL_Driver/Src/stm32h5xx_hal_i2c_ex.o
                0x08001fc6                HAL_I2CEx_ConfigDigitalFilter
 *fill*         0x0800205e        0x2 
 .text.HAL_RCC_OscConfig
                0x08002060      0x870 ./Drivers/STM32H5xx_HAL_Driver/Src/stm32h5xx_hal_rcc.o
                0x08002060                HAL_RCC_OscConfig
 .text.HAL_RCC_ClockConfig
                0x080028d0      0x370 ./Drivers/STM32H5xx_HAL_Driver/Src/stm32h5xx_hal_rcc.o
                0x080028d0                HAL_RCC_ClockConfig
 .text.HAL_RCC_GetSysClockFreq
                0x08002c40      0x258 ./Drivers/STM32H5xx_HAL_Driver/Src/stm32h5xx_hal_rcc.o
                0x08002c40                HAL_RCC_GetSysClockFreq
 .text.HAL_RCC_GetHCLKFreq
                0x08002e98       0x38 ./Drivers/STM32H5xx_HAL_Driver/Src/stm32h5xx_hal_rcc.o
                0x08002e98                HAL_RCC_GetHCLKFreq
 .text.HAL_RCC_GetPCLK1Freq
                0x08002ed0       0x2c ./Drivers/STM32H5xx_HAL_Driver/Src/stm32h5xx_hal_rcc.o
                0x08002ed0                HAL_RCC_GetPCLK1Freq
 .text.HAL_RCC_GetPCLK2Freq
                0x08002efc       0x2c ./Drivers/STM32H5xx_HAL_Driver/Src/stm32h5xx_hal_rcc.o
                0x08002efc                HAL_RCC_GetPCLK2Freq
 .text.HAL_RCC_GetPCLK3Freq
                0x08002f28       0x2c ./Drivers/STM32H5xx_HAL_Driver/Src/stm32h5xx_hal_rcc.o
                0x08002f28                HAL_RCC_GetPCLK3Freq
 .text.HAL_RCCEx_PeriphCLKConfig
                0x08002f54      0xc48 ./Drivers/STM32H5xx_HAL_Driver/Src/stm32h5xx_hal_rcc_ex.o
                0x08002f54                HAL_RCCEx_PeriphCLKConfig
 .text.HAL_RCCEx_GetPLL1ClockFreq
                0x08003b9c      0x2d8 ./Drivers/STM32H5xx_HAL_Driver/Src/stm32h5xx_hal_rcc_ex.o
                0x08003b9c                HAL_RCCEx_GetPLL1ClockFreq
 .text.HAL_RCCEx_GetPLL2ClockFreq
                0x08003e74      0x2d8 ./Drivers/STM32H5xx_HAL_Driver/Src/stm32h5xx_hal_rcc_ex.o
                0x08003e74                HAL_RCCEx_GetPLL2ClockFreq
 .text.HAL_RCCEx_GetPeriphCLKFreq
                0x0800414c      0xe7c ./Drivers/STM32H5xx_HAL_Driver/Src/stm32h5xx_hal_rcc_ex.o
                0x0800414c                HAL_RCCEx_GetPeriphCLKFreq
 .text.RCCEx_PLL2_Config
                0x08004fc8      0x130 ./Drivers/STM32H5xx_HAL_Driver/Src/stm32h5xx_hal_rcc_ex.o
 .text.HAL_UART_Init
                0x080050f8       0xa0 ./Drivers/STM32H5xx_HAL_Driver/Src/stm32h5xx_hal_uart.o
                0x080050f8                HAL_UART_Init
 .text.HAL_UART_Transmit
                0x08005198      0x13c ./Drivers/STM32H5xx_HAL_Driver/Src/stm32h5xx_hal_uart.o
                0x08005198                HAL_UART_Transmit
 .text.UART_SetConfig
                0x080052d4      0x2fc ./Drivers/STM32H5xx_HAL_Driver/Src/stm32h5xx_hal_uart.o
                0x080052d4                UART_SetConfig
 .text.UART_AdvFeatureConfig
                0x080055d0      0x144 ./Drivers/STM32H5xx_HAL_Driver/Src/stm32h5xx_hal_uart.o
                0x080055d0                UART_AdvFeatureConfig
 .text.UART_CheckIdleState
                0x08005714      0x154 ./Drivers/STM32H5xx_HAL_Driver/Src/stm32h5xx_hal_uart.o
                0x08005714                UART_CheckIdleState
 .text.UART_WaitOnFlagUntilTimeout
                0x08005868       0xda ./Drivers/STM32H5xx_HAL_Driver/Src/stm32h5xx_hal_uart.o
                0x08005868                UART_WaitOnFlagUntilTimeout
 .text.UART_EndRxTransfer
                0x08005942       0xcc ./Drivers/STM32H5xx_HAL_Driver/Src/stm32h5xx_hal_uart.o
 .text.HAL_UARTEx_DisableFifoMode
                0x08005a0e       0x72 ./Drivers/STM32H5xx_HAL_Driver/Src/stm32h5xx_hal_uart_ex.o
                0x08005a0e                HAL_UARTEx_DisableFifoMode
 .text.HAL_UARTEx_SetTxFifoThreshold
                0x08005a80       0x7c ./Drivers/STM32H5xx_HAL_Driver/Src/stm32h5xx_hal_uart_ex.o
                0x08005a80                HAL_UARTEx_SetTxFifoThreshold
 .text.HAL_UARTEx_SetRxFifoThreshold
                0x08005afc       0x7c ./Drivers/STM32H5xx_HAL_Driver/Src/stm32h5xx_hal_uart_ex.o
                0x08005afc                HAL_UARTEx_SetRxFifoThreshold
 .text.UARTEx_SetNbDataToProcess
                0x08005b78       0x9c ./Drivers/STM32H5xx_HAL_Driver/Src/stm32h5xx_hal_uart_ex.o
 .text.memset   0x08005c14       0x10 D:/stm/STM32CubeIDE_1.18.1/STM32CubeIDE/plugins/com.st.stm32cube.ide.mcu.externaltools.gnu-tools-for-stm32.13.3.rel1.win32_1.0.0.202411081344/tools/bin/../lib/gcc/arm-none-eabi/13.3.1/../../../../arm-none-eabi/lib/thumb/v8-m.main+fp/hard\libc_nano.a(libc_a-memset.o)
                0x08005c14                memset
 .text.__libc_init_array
                0x08005c24       0x48 D:/stm/STM32CubeIDE_1.18.1/STM32CubeIDE/plugins/com.st.stm32cube.ide.mcu.externaltools.gnu-tools-for-stm32.13.3.rel1.win32_1.0.0.202411081344/tools/bin/../lib/gcc/arm-none-eabi/13.3.1/../../../../arm-none-eabi/lib/thumb/v8-m.main+fp/hard\libc_nano.a(libc_a-init.o)
                0x08005c24                __libc_init_array
 *(.glue_7)
 .glue_7        0x08005c6c        0x0 linker stubs
 *(.glue_7t)
 .glue_7t       0x08005c6c        0x0 linker stubs
 *(.eh_frame)
 .eh_frame      0x08005c6c        0x0 D:/stm/STM32CubeIDE_1.18.1/STM32CubeIDE/plugins/com.st.stm32cube.ide.mcu.externaltools.gnu-tools-for-stm32.13.3.rel1.win32_1.0.0.202411081344/tools/bin/../lib/gcc/arm-none-eabi/13.3.1/thumb/v8-m.main+fp/hard/crtbegin.o
 *(.init)
 .init          0x08005c6c        0x4 D:/stm/STM32CubeIDE_1.18.1/STM32CubeIDE/plugins/com.st.stm32cube.ide.mcu.externaltools.gnu-tools-for-stm32.13.3.rel1.win32_1.0.0.202411081344/tools/bin/../lib/gcc/arm-none-eabi/13.3.1/thumb/v8-m.main+fp/hard/crti.o
                0x08005c6c                _init
 .init          0x08005c70        0x8 D:/stm/STM32CubeIDE_1.18.1/STM32CubeIDE/plugins/com.st.stm32cube.ide.mcu.externaltools.gnu-tools-for-stm32.13.3.rel1.win32_1.0.0.202411081344/tools/bin/../lib/gcc/arm-none-eabi/13.3.1/thumb/v8-m.main+fp/hard/crtn.o
 *(.fini)
 .fini          0x08005c78        0x4 D:/stm/STM32CubeIDE_1.18.1/STM32CubeIDE/plugins/com.st.stm32cube.ide.mcu.externaltools.gnu-tools-for-stm32.13.3.rel1.win32_1.0.0.202411081344/tools/bin/../lib/gcc/arm-none-eabi/13.3.1/thumb/v8-m.main+fp/hard/crti.o
                0x08005c78                _fini
 .fini          0x08005c7c        0x8 D:/stm/STM32CubeIDE_1.18.1/STM32CubeIDE/plugins/com.st.stm32cube.ide.mcu.externaltools.gnu-tools-for-stm32.13.3.rel1.win32_1.0.0.202411081344/tools/bin/../lib/gcc/arm-none-eabi/13.3.1/thumb/v8-m.main+fp/hard/crtn.o
                0x08005c84                        . = ALIGN (0x4)
                0x08005c84                        _etext = .

.vfp11_veneer   0x08005c84        0x0
 .vfp11_veneer  0x08005c84        0x0 linker stubs

.v4_bx          0x08005c84        0x0
 .v4_bx         0x08005c84        0x0 linker stubs

.iplt           0x08005c84        0x0
 .iplt          0x08005c84        0x0 D:/stm/STM32CubeIDE_1.18.1/STM32CubeIDE/plugins/com.st.stm32cube.ide.mcu.externaltools.gnu-tools-for-stm32.13.3.rel1.win32_1.0.0.202411081344/tools/bin/../lib/gcc/arm-none-eabi/13.3.1/thumb/v8-m.main+fp/hard/crtbegin.o

.rodata         0x08005c84       0x88
                0x08005c84                        . = ALIGN (0x4)
 *(.rodata)
 .rodata        0x08005c84       0x45 ./Core/Src/main.o
 *(.rodata*)
 *fill*         0x08005cc9        0x3 
 .rodata.AHBPrescTable
                0x08005ccc       0x10 ./Core/Src/system_stm32h5xx.o
                0x08005ccc                AHBPrescTable
 .rodata.APBPrescTable
                0x08005cdc        0x8 ./Core/Src/system_stm32h5xx.o
                0x08005cdc                APBPrescTable
 .rodata.UARTPrescTable
                0x08005ce4       0x18 ./Drivers/STM32H5xx_HAL_Driver/Src/stm32h5xx_hal_uart.o
                0x08005ce4                UARTPrescTable
 .rodata.numerator.1
                0x08005cfc        0x8 ./Drivers/STM32H5xx_HAL_Driver/Src/stm32h5xx_hal_uart_ex.o
 .rodata.denominator.0
                0x08005d04        0x8 ./Drivers/STM32H5xx_HAL_Driver/Src/stm32h5xx_hal_uart_ex.o
                0x08005d0c                        . = ALIGN (0x4)

.ARM.extab      0x08005d0c        0x0
                0x08005d0c                        . = ALIGN (0x4)
 *(.ARM.extab* .gnu.linkonce.armextab.*)
                0x08005d0c                        . = ALIGN (0x4)

.ARM            0x08005d0c        0x8
                0x08005d0c                        . = ALIGN (0x4)
                0x08005d0c                        __exidx_start = .
 *(.ARM.exidx*)
 .ARM.exidx     0x08005d0c        0x8 D:/stm/STM32CubeIDE_1.18.1/STM32CubeIDE/plugins/com.st.stm32cube.ide.mcu.externaltools.gnu-tools-for-stm32.13.3.rel1.win32_1.0.0.202411081344/tools/bin/../lib/gcc/arm-none-eabi/13.3.1/thumb/v8-m.main+fp/hard\libgcc.a(_udivmoddi4.o)
                0x08005d14                        __exidx_end = .
                0x08005d14                        . = ALIGN (0x4)

.preinit_array  0x08005d14        0x0
                0x08005d14                        . = ALIGN (0x4)
                0x08005d14                        PROVIDE (__preinit_array_start = .)
 *(.preinit_array*)
                0x08005d14                        PROVIDE (__preinit_array_end = .)
                0x08005d14                        . = ALIGN (0x4)

.init_array     0x08005d14        0x4
                0x08005d14                        . = ALIGN (0x4)
                0x08005d14                        PROVIDE (__init_array_start = .)
 *(SORT_BY_NAME(.init_array.*))
 *(.init_array*)
 .init_array    0x08005d14        0x4 D:/stm/STM32CubeIDE_1.18.1/STM32CubeIDE/plugins/com.st.stm32cube.ide.mcu.externaltools.gnu-tools-for-stm32.13.3.rel1.win32_1.0.0.202411081344/tools/bin/../lib/gcc/arm-none-eabi/13.3.1/thumb/v8-m.main+fp/hard/crtbegin.o
                0x08005d18                        PROVIDE (__init_array_end = .)
                0x08005d18                        . = ALIGN (0x4)

.fini_array     0x08005d18        0x4
                0x08005d18                        . = ALIGN (0x4)
                [!provide]                        PROVIDE (__fini_array_start = .)
 *(SORT_BY_NAME(.fini_array.*))
 *(.fini_array*)
 .fini_array    0x08005d18        0x4 D:/stm/STM32CubeIDE_1.18.1/STM32CubeIDE/plugins/com.st.stm32cube.ide.mcu.externaltools.gnu-tools-for-stm32.13.3.rel1.win32_1.0.0.202411081344/tools/bin/../lib/gcc/arm-none-eabi/13.3.1/thumb/v8-m.main+fp/hard/crtbegin.o
                [!provide]                        PROVIDE (__fini_array_end = .)
                0x08005d1c                        . = ALIGN (0x4)
                0x08005d1c                        _sidata = LOADADDR (.data)

.rel.dyn        0x08005d1c        0x0
 .rel.iplt      0x08005d1c        0x0 D:/stm/STM32CubeIDE_1.18.1/STM32CubeIDE/plugins/com.st.stm32cube.ide.mcu.externaltools.gnu-tools-for-stm32.13.3.rel1.win32_1.0.0.202411081344/tools/bin/../lib/gcc/arm-none-eabi/13.3.1/thumb/v8-m.main+fp/hard/crtbegin.o

.data           0x20000000        0xc load address 0x08005d1c
                0x20000000                        . = ALIGN (0x4)
                0x20000000                        _sdata = .
 *(.data)
 *(.data*)
 .data.SystemCoreClock
                0x20000000        0x4 ./Core/Src/system_stm32h5xx.o
                0x20000000                SystemCoreClock
 .data.uwTickPrio
                0x20000004        0x4 ./Drivers/STM32H5xx_HAL_Driver/Src/stm32h5xx_hal.o
                0x20000004                uwTickPrio
 .data.uwTickFreq
                0x20000008        0x1 ./Drivers/STM32H5xx_HAL_Driver/Src/stm32h5xx_hal.o
                0x20000008                uwTickFreq
 *(.RamFunc)
 *(.RamFunc*)
                0x2000000c                        . = ALIGN (0x4)
 *fill*         0x20000009        0x3 
                0x2000000c                        _edata = .

.igot.plt       0x2000000c        0x0 load address 0x08005d28
 .igot.plt      0x2000000c        0x0 D:/stm/STM32CubeIDE_1.18.1/STM32CubeIDE/plugins/com.st.stm32cube.ide.mcu.externaltools.gnu-tools-for-stm32.13.3.rel1.win32_1.0.0.202411081344/tools/bin/../lib/gcc/arm-none-eabi/13.3.1/thumb/v8-m.main+fp/hard/crtbegin.o
                0x2000000c                        . = ALIGN (0x4)

.bss            0x2000000c      0x108 load address 0x08005d28
                0x2000000c                        _sbss = .
                0x2000000c                        __bss_start__ = _sbss
 *(.bss)
 .bss           0x2000000c       0x1c D:/stm/STM32CubeIDE_1.18.1/STM32CubeIDE/plugins/com.st.stm32cube.ide.mcu.externaltools.gnu-tools-for-stm32.13.3.rel1.win32_1.0.0.202411081344/tools/bin/../lib/gcc/arm-none-eabi/13.3.1/thumb/v8-m.main+fp/hard/crtbegin.o
 *(.bss*)
 .bss.hi2c1     0x20000028       0x54 ./Core/Src/main.o
                0x20000028                hi2c1
 .bss.huart1    0x2000007c       0x94 ./Core/Src/main.o
                0x2000007c                huart1
 .bss.uwTick    0x20000110        0x4 ./Drivers/STM32H5xx_HAL_Driver/Src/stm32h5xx_hal.o
                0x20000110                uwTick
 *(COMMON)
                0x20000114                        . = ALIGN (0x4)
                0x20000114                        _ebss = .
                0x20000114                        __bss_end__ = _ebss

._user_heap_stack
                0x20000114      0x604 load address 0x08005d28
                0x20000118                        . = ALIGN (0x8)
 *fill*         0x20000114        0x4 
                [!provide]                        PROVIDE (end = .)
                0x20000118                        PROVIDE (_end = .)
                0x20000318                        . = (. + _Min_Heap_Size)
 *fill*         0x20000118      0x200 
                0x20000718                        . = (. + _Min_Stack_Size)
 *fill*         0x20000318      0x400 
                0x20000718                        . = ALIGN (0x8)

/DISCARD/
 libc.a(*)
 libm.a(*)
 libgcc.a(*)

.ARM.attributes
                0x00000000       0x36
 *(.ARM.attributes)
 .ARM.attributes
                0x00000000       0x26 D:/stm/STM32CubeIDE_1.18.1/STM32CubeIDE/plugins/com.st.stm32cube.ide.mcu.externaltools.gnu-tools-for-stm32.13.3.rel1.win32_1.0.0.202411081344/tools/bin/../lib/gcc/arm-none-eabi/13.3.1/thumb/v8-m.main+fp/hard/crti.o
 .ARM.attributes
                0x00000026       0x38 D:/stm/STM32CubeIDE_1.18.1/STM32CubeIDE/plugins/com.st.stm32cube.ide.mcu.externaltools.gnu-tools-for-stm32.13.3.rel1.win32_1.0.0.202411081344/tools/bin/../lib/gcc/arm-none-eabi/13.3.1/thumb/v8-m.main+fp/hard/crtbegin.o
 .ARM.attributes
                0x0000005e       0x3a ./Core/Src/main.o
 .ARM.attributes
                0x00000098       0x3a ./Core/Src/stm32h5xx_hal_msp.o
 .ARM.attributes
                0x000000d2       0x3a ./Core/Src/stm32h5xx_it.o
 .ARM.attributes
                0x0000010c       0x3a ./Core/Src/system_stm32h5xx.o
 .ARM.attributes
                0x00000146       0x24 ./Core/Startup/startup_stm32h503cbtx.o
 .ARM.attributes
                0x0000016a       0x3a ./Drivers/STM32H5xx_HAL_Driver/Src/stm32h5xx_hal.o
 .ARM.attributes
                0x000001a4       0x3a ./Drivers/STM32H5xx_HAL_Driver/Src/stm32h5xx_hal_cortex.o
 .ARM.attributes
                0x000001de       0x3a ./Drivers/STM32H5xx_HAL_Driver/Src/stm32h5xx_hal_gpio.o
 .ARM.attributes
                0x00000218       0x3a ./Drivers/STM32H5xx_HAL_Driver/Src/stm32h5xx_hal_i2c.o
 .ARM.attributes
                0x00000252       0x3a ./Drivers/STM32H5xx_HAL_Driver/Src/stm32h5xx_hal_i2c_ex.o
 .ARM.attributes
                0x0000028c       0x3a ./Drivers/STM32H5xx_HAL_Driver/Src/stm32h5xx_hal_rcc.o
 .ARM.attributes
                0x000002c6       0x3a ./Drivers/STM32H5xx_HAL_Driver/Src/stm32h5xx_hal_rcc_ex.o
 .ARM.attributes
                0x00000300       0x3a ./Drivers/STM32H5xx_HAL_Driver/Src/stm32h5xx_hal_uart.o
 .ARM.attributes
                0x0000033a       0x3a ./Drivers/STM32H5xx_HAL_Driver/Src/stm32h5xx_hal_uart_ex.o
 .ARM.attributes
                0x00000374       0x38 D:/stm/STM32CubeIDE_1.18.1/STM32CubeIDE/plugins/com.st.stm32cube.ide.mcu.externaltools.gnu-tools-for-stm32.13.3.rel1.win32_1.0.0.202411081344/tools/bin/../lib/gcc/arm-none-eabi/13.3.1/../../../../arm-none-eabi/lib/thumb/v8-m.main+fp/hard\libc_nano.a(libc_a-memset.o)
 .ARM.attributes
                0x000003ac       0x38 D:/stm/STM32CubeIDE_1.18.1/STM32CubeIDE/plugins/com.st.stm32cube.ide.mcu.externaltools.gnu-tools-for-stm32.13.3.rel1.win32_1.0.0.202411081344/tools/bin/../lib/gcc/arm-none-eabi/13.3.1/../../../../arm-none-eabi/lib/thumb/v8-m.main+fp/hard\libc_nano.a(libc_a-init.o)
 .ARM.attributes
                0x000003e4       0x26 D:/stm/STM32CubeIDE_1.18.1/STM32CubeIDE/plugins/com.st.stm32cube.ide.mcu.externaltools.gnu-tools-for-stm32.13.3.rel1.win32_1.0.0.202411081344/tools/bin/../lib/gcc/arm-none-eabi/13.3.1/thumb/v8-m.main+fp/hard\libgcc.a(_aeabi_uldivmod.o)
 .ARM.attributes
                0x0000040a       0x38 D:/stm/STM32CubeIDE_1.18.1/STM32CubeIDE/plugins/com.st.stm32cube.ide.mcu.externaltools.gnu-tools-for-stm32.13.3.rel1.win32_1.0.0.202411081344/tools/bin/../lib/gcc/arm-none-eabi/13.3.1/thumb/v8-m.main+fp/hard\libgcc.a(_udivmoddi4.o)
 .ARM.attributes
                0x00000442       0x26 D:/stm/STM32CubeIDE_1.18.1/STM32CubeIDE/plugins/com.st.stm32cube.ide.mcu.externaltools.gnu-tools-for-stm32.13.3.rel1.win32_1.0.0.202411081344/tools/bin/../lib/gcc/arm-none-eabi/13.3.1/thumb/v8-m.main+fp/hard\libgcc.a(_dvmd_tls.o)
 .ARM.attributes
                0x00000468       0x26 D:/stm/STM32CubeIDE_1.18.1/STM32CubeIDE/plugins/com.st.stm32cube.ide.mcu.externaltools.gnu-tools-for-stm32.13.3.rel1.win32_1.0.0.202411081344/tools/bin/../lib/gcc/arm-none-eabi/13.3.1/thumb/v8-m.main+fp/hard/crtn.o
OUTPUT(eeprom.elf elf32-littlearm)
LOAD linker stubs
LOAD D:/stm/STM32CubeIDE_1.18.1/STM32CubeIDE/plugins/com.st.stm32cube.ide.mcu.externaltools.gnu-tools-for-stm32.13.3.rel1.win32_1.0.0.202411081344/tools/bin/../lib/gcc/arm-none-eabi/13.3.1/../../../../arm-none-eabi/lib/thumb/v8-m.main+fp/hard\libc.a
LOAD D:/stm/STM32CubeIDE_1.18.1/STM32CubeIDE/plugins/com.st.stm32cube.ide.mcu.externaltools.gnu-tools-for-stm32.13.3.rel1.win32_1.0.0.202411081344/tools/bin/../lib/gcc/arm-none-eabi/13.3.1/../../../../arm-none-eabi/lib/thumb/v8-m.main+fp/hard\libm.a
LOAD D:/stm/STM32CubeIDE_1.18.1/STM32CubeIDE/plugins/com.st.stm32cube.ide.mcu.externaltools.gnu-tools-for-stm32.13.3.rel1.win32_1.0.0.202411081344/tools/bin/../lib/gcc/arm-none-eabi/13.3.1/thumb/v8-m.main+fp/hard\libgcc.a

.debug_info     0x00000000    0x10558
 .debug_info    0x00000000     0x1b2e ./Core/Src/main.o
 .debug_info    0x00001b2e     0x13ea ./Core/Src/stm32h5xx_hal_msp.o
 .debug_info    0x00002f18      0x128 ./Core/Src/stm32h5xx_it.o
 .debug_info    0x00003040      0xc0b ./Core/Src/system_stm32h5xx.o
 .debug_info    0x00003c4b       0x30 ./Core/Startup/startup_stm32h503cbtx.o
 .debug_info    0x00003c7b     0x1069 ./Drivers/STM32H5xx_HAL_Driver/Src/stm32h5xx_hal.o
 .debug_info    0x00004ce4     0x1522 ./Drivers/STM32H5xx_HAL_Driver/Src/stm32h5xx_hal_cortex.o
 .debug_info    0x00006206      0x6aa ./Drivers/STM32H5xx_HAL_Driver/Src/stm32h5xx_hal_gpio.o
 .debug_info    0x000068b0     0x232a ./Drivers/STM32H5xx_HAL_Driver/Src/stm32h5xx_hal_i2c.o
 .debug_info    0x00008bda      0x8fb ./Drivers/STM32H5xx_HAL_Driver/Src/stm32h5xx_hal_i2c_ex.o
 .debug_info    0x000094d5      0xfdf ./Drivers/STM32H5xx_HAL_Driver/Src/stm32h5xx_hal_rcc.o
 .debug_info    0x0000a4b4      0xf52 ./Drivers/STM32H5xx_HAL_Driver/Src/stm32h5xx_hal_rcc_ex.o
 .debug_info    0x0000b406     0x4066 ./Drivers/STM32H5xx_HAL_Driver/Src/stm32h5xx_hal_uart.o
 .debug_info    0x0000f46c     0x10ec ./Drivers/STM32H5xx_HAL_Driver/Src/stm32h5xx_hal_uart_ex.o

.debug_abbrev   0x00000000     0x1d6c
 .debug_abbrev  0x00000000      0x309 ./Core/Src/main.o
 .debug_abbrev  0x00000309      0x200 ./Core/Src/stm32h5xx_hal_msp.o
 .debug_abbrev  0x00000509       0x73 ./Core/Src/stm32h5xx_it.o
 .debug_abbrev  0x0000057c      0x13a ./Core/Src/system_stm32h5xx.o
 .debug_abbrev  0x000006b6       0x24 ./Core/Startup/startup_stm32h503cbtx.o
 .debug_abbrev  0x000006da      0x2ac ./Drivers/STM32H5xx_HAL_Driver/Src/stm32h5xx_hal.o
 .debug_abbrev  0x00000986      0x311 ./Drivers/STM32H5xx_HAL_Driver/Src/stm32h5xx_hal_cortex.o
 .debug_abbrev  0x00000c97      0x1db ./Drivers/STM32H5xx_HAL_Driver/Src/stm32h5xx_hal_gpio.o
 .debug_abbrev  0x00000e72      0x280 ./Drivers/STM32H5xx_HAL_Driver/Src/stm32h5xx_hal_i2c.o
 .debug_abbrev  0x000010f2      0x1b7 ./Drivers/STM32H5xx_HAL_Driver/Src/stm32h5xx_hal_i2c_ex.o
 .debug_abbrev  0x000012a9      0x28e ./Drivers/STM32H5xx_HAL_Driver/Src/stm32h5xx_hal_rcc.o
 .debug_abbrev  0x00001537      0x25c ./Drivers/STM32H5xx_HAL_Driver/Src/stm32h5xx_hal_rcc_ex.o
 .debug_abbrev  0x00001793      0x305 ./Drivers/STM32H5xx_HAL_Driver/Src/stm32h5xx_hal_uart.o
 .debug_abbrev  0x00001a98      0x2d4 ./Drivers/STM32H5xx_HAL_Driver/Src/stm32h5xx_hal_uart_ex.o

.debug_aranges  0x00000000      0xc00
 .debug_aranges
                0x00000000       0x60 ./Core/Src/main.o
 .debug_aranges
                0x00000060       0x40 ./Core/Src/stm32h5xx_hal_msp.o
 .debug_aranges
                0x000000a0       0x60 ./Core/Src/stm32h5xx_it.o
 .debug_aranges
                0x00000100       0x28 ./Core/Src/system_stm32h5xx.o
 .debug_aranges
                0x00000128       0x28 ./Core/Startup/startup_stm32h503cbtx.o
 .debug_aranges
                0x00000150      0x1a0 ./Drivers/STM32H5xx_HAL_Driver/Src/stm32h5xx_hal.o
 .debug_aranges
                0x000002f0      0x140 ./Drivers/STM32H5xx_HAL_Driver/Src/stm32h5xx_hal_cortex.o
 .debug_aranges
                0x00000430       0x78 ./Drivers/STM32H5xx_HAL_Driver/Src/stm32h5xx_hal_gpio.o
 .debug_aranges
                0x000004a8      0x2a0 ./Drivers/STM32H5xx_HAL_Driver/Src/stm32h5xx_hal_i2c.o
 .debug_aranges
                0x00000748       0x40 ./Drivers/STM32H5xx_HAL_Driver/Src/stm32h5xx_hal_i2c_ex.o
 .debug_aranges
                0x00000788       0xa0 ./Drivers/STM32H5xx_HAL_Driver/Src/stm32h5xx_hal_rcc.o
 .debug_aranges
                0x00000828       0xe8 ./Drivers/STM32H5xx_HAL_Driver/Src/stm32h5xx_hal_rcc_ex.o
 .debug_aranges
                0x00000910      0x248 ./Drivers/STM32H5xx_HAL_Driver/Src/stm32h5xx_hal_uart.o
 .debug_aranges
                0x00000b58       0xa8 ./Drivers/STM32H5xx_HAL_Driver/Src/stm32h5xx_hal_uart_ex.o

.debug_rnglists
                0x00000000      0x95f
 .debug_rnglists
                0x00000000       0x47 ./Core/Src/main.o
 .debug_rnglists
                0x00000047       0x2d ./Core/Src/stm32h5xx_hal_msp.o
 .debug_rnglists
                0x00000074       0x43 ./Core/Src/stm32h5xx_it.o
 .debug_rnglists
                0x000000b7       0x1b ./Core/Src/system_stm32h5xx.o
 .debug_rnglists
                0x000000d2       0x19 ./Core/Startup/startup_stm32h503cbtx.o
 .debug_rnglists
                0x000000eb      0x134 ./Drivers/STM32H5xx_HAL_Driver/Src/stm32h5xx_hal.o
 .debug_rnglists
                0x0000021f       0xec ./Drivers/STM32H5xx_HAL_Driver/Src/stm32h5xx_hal_cortex.o
 .debug_rnglists
                0x0000030b       0x57 ./Drivers/STM32H5xx_HAL_Driver/Src/stm32h5xx_hal_gpio.o
 .debug_rnglists
                0x00000362      0x228 ./Drivers/STM32H5xx_HAL_Driver/Src/stm32h5xx_hal_i2c.o
 .debug_rnglists
                0x0000058a       0x30 ./Drivers/STM32H5xx_HAL_Driver/Src/stm32h5xx_hal_i2c_ex.o
 .debug_rnglists
                0x000005ba       0x79 ./Drivers/STM32H5xx_HAL_Driver/Src/stm32h5xx_hal_rcc.o
 .debug_rnglists
                0x00000633       0xb4 ./Drivers/STM32H5xx_HAL_Driver/Src/stm32h5xx_hal_rcc_ex.o
 .debug_rnglists
                0x000006e7      0x1f9 ./Drivers/STM32H5xx_HAL_Driver/Src/stm32h5xx_hal_uart.o
 .debug_rnglists
                0x000008e0       0x7f ./Drivers/STM32H5xx_HAL_Driver/Src/stm32h5xx_hal_uart_ex.o

.debug_macro    0x00000000    0x1f4eb
 .debug_macro   0x00000000      0x282 ./Core/Src/main.o
 .debug_macro   0x00000282      0xade ./Core/Src/main.o
 .debug_macro   0x00000d60      0x1ca ./Core/Src/main.o
 .debug_macro   0x00000f2a       0x22 ./Core/Src/main.o
 .debug_macro   0x00000f4c       0x5b ./Core/Src/main.o
 .debug_macro   0x00000fa7       0x2a ./Core/Src/main.o
 .debug_macro   0x00000fd1       0x94 ./Core/Src/main.o
 .debug_macro   0x00001065       0x43 ./Core/Src/main.o
 .debug_macro   0x000010a8       0x34 ./Core/Src/main.o
 .debug_macro   0x000010dc      0x190 ./Core/Src/main.o
 .debug_macro   0x0000126c       0x57 ./Core/Src/main.o
 .debug_macro   0x000012c3      0x370 ./Core/Src/main.o
 .debug_macro   0x00001633       0x16 ./Core/Src/main.o
 .debug_macro   0x00001649       0x4a ./Core/Src/main.o
 .debug_macro   0x00001693       0x34 ./Core/Src/main.o
 .debug_macro   0x000016c7       0x10 ./Core/Src/main.o
 .debug_macro   0x000016d7       0x58 ./Core/Src/main.o
 .debug_macro   0x0000172f       0x8e ./Core/Src/main.o
 .debug_macro   0x000017bd       0x1c ./Core/Src/main.o
 .debug_macro   0x000017d9      0x185 ./Core/Src/main.o
 .debug_macro   0x0000195e      0x19b ./Core/Src/main.o
 .debug_macro   0x00001af9       0x28 ./Core/Src/main.o
 .debug_macro   0x00001b21       0x42 ./Core/Src/main.o
 .debug_macro   0x00001b63      0x103 ./Core/Src/main.o
 .debug_macro   0x00001c66       0x6a ./Core/Src/main.o
 .debug_macro   0x00001cd0      0x1df ./Core/Src/main.o
 .debug_macro   0x00001eaf       0x1c ./Core/Src/main.o
 .debug_macro   0x00001ecb       0x29 ./Core/Src/main.o
 .debug_macro   0x00001ef4       0xfb ./Core/Src/main.o
 .debug_macro   0x00001fef     0x1685 ./Core/Src/main.o
 .debug_macro   0x00003674       0x5e ./Core/Src/main.o
 .debug_macro   0x000036d2    0x11feb ./Core/Src/main.o
 .debug_macro   0x000156bd       0x6d ./Core/Src/main.o
 .debug_macro   0x0001572a     0x388a ./Core/Src/main.o
 .debug_macro   0x00018fb4       0x63 ./Core/Src/main.o
 .debug_macro   0x00019017     0x146a ./Core/Src/main.o
 .debug_macro   0x0001a481      0x75e ./Core/Src/main.o
 .debug_macro   0x0001abdf      0x166 ./Core/Src/main.o
 .debug_macro   0x0001ad45      0x1a6 ./Core/Src/main.o
 .debug_macro   0x0001aeeb      0x527 ./Core/Src/main.o
 .debug_macro   0x0001b412      0x40f ./Core/Src/main.o
 .debug_macro   0x0001b821       0xd6 ./Core/Src/main.o
 .debug_macro   0x0001b8f7      0x1cd ./Core/Src/main.o
 .debug_macro   0x0001bac4      0x1c3 ./Core/Src/main.o
 .debug_macro   0x0001bc87      0x4e8 ./Core/Src/main.o
 .debug_macro   0x0001c16f       0x58 ./Core/Src/main.o
 .debug_macro   0x0001c1c7      0x22c ./Core/Src/main.o
 .debug_macro   0x0001c3f3       0x35 ./Core/Src/main.o
 .debug_macro   0x0001c428       0xa5 ./Core/Src/main.o
 .debug_macro   0x0001c4cd      0x272 ./Core/Src/main.o
 .debug_macro   0x0001c73f      0x1a6 ./Core/Src/main.o
 .debug_macro   0x0001c8e5      0x693 ./Core/Src/main.o
 .debug_macro   0x0001cf78       0xa6 ./Core/Src/main.o
 .debug_macro   0x0001d01e      0x20a ./Core/Src/main.o
 .debug_macro   0x0001d228      0x38f ./Core/Src/main.o
 .debug_macro   0x0001d5b7      0x27c ./Core/Src/stm32h5xx_hal_msp.o
 .debug_macro   0x0001d833      0x286 ./Core/Src/stm32h5xx_it.o
 .debug_macro   0x0001dab9      0x279 ./Core/Src/system_stm32h5xx.o
 .debug_macro   0x0001dd32      0x2a2 ./Drivers/STM32H5xx_HAL_Driver/Src/stm32h5xx_hal.o
 .debug_macro   0x0001dfd4      0x272 ./Drivers/STM32H5xx_HAL_Driver/Src/stm32h5xx_hal_cortex.o
 .debug_macro   0x0001e246      0x2a8 ./Drivers/STM32H5xx_HAL_Driver/Src/stm32h5xx_hal_gpio.o
 .debug_macro   0x0001e4ee      0x33e ./Drivers/STM32H5xx_HAL_Driver/Src/stm32h5xx_hal_i2c.o
 .debug_macro   0x0001e82c      0x272 ./Drivers/STM32H5xx_HAL_Driver/Src/stm32h5xx_hal_i2c_ex.o
 .debug_macro   0x0001ea9e      0x2b4 ./Drivers/STM32H5xx_HAL_Driver/Src/stm32h5xx_hal_rcc.o
 .debug_macro   0x0001ed52      0x27e ./Drivers/STM32H5xx_HAL_Driver/Src/stm32h5xx_hal_rcc_ex.o
 .debug_macro   0x0001efd0      0x29d ./Drivers/STM32H5xx_HAL_Driver/Src/stm32h5xx_hal_uart.o
 .debug_macro   0x0001f26d      0x27e ./Drivers/STM32H5xx_HAL_Driver/Src/stm32h5xx_hal_uart_ex.o

.debug_line     0x00000000    0x108ff
 .debug_line    0x00000000      0xaad ./Core/Src/main.o
 .debug_line    0x00000aad      0x954 ./Core/Src/stm32h5xx_hal_msp.o
 .debug_line    0x00001401      0x92e ./Core/Src/stm32h5xx_it.o
 .debug_line    0x00001d2f      0x9f3 ./Core/Src/system_stm32h5xx.o
 .debug_line    0x00002722       0x77 ./Core/Startup/startup_stm32h503cbtx.o
 .debug_line    0x00002799      0xe54 ./Drivers/STM32H5xx_HAL_Driver/Src/stm32h5xx_hal.o
 .debug_line    0x000035ed      0xed2 ./Drivers/STM32H5xx_HAL_Driver/Src/stm32h5xx_hal_cortex.o
 .debug_line    0x000044bf      0xc8c ./Drivers/STM32H5xx_HAL_Driver/Src/stm32h5xx_hal_gpio.o
 .debug_line    0x0000514b     0x3b41 ./Drivers/STM32H5xx_HAL_Driver/Src/stm32h5xx_hal_i2c.o
 .debug_line    0x00008c8c      0xa0c ./Drivers/STM32H5xx_HAL_Driver/Src/stm32h5xx_hal_i2c_ex.o
 .debug_line    0x00009698     0x13f3 ./Drivers/STM32H5xx_HAL_Driver/Src/stm32h5xx_hal_rcc.o
 .debug_line    0x0000aa8b     0x1c1c ./Drivers/STM32H5xx_HAL_Driver/Src/stm32h5xx_hal_rcc_ex.o
 .debug_line    0x0000c6a7     0x3463 ./Drivers/STM32H5xx_HAL_Driver/Src/stm32h5xx_hal_uart.o
 .debug_line    0x0000fb0a      0xdf5 ./Drivers/STM32H5xx_HAL_Driver/Src/stm32h5xx_hal_uart_ex.o

.debug_str      0x00000000    0xc3c8a
 .debug_str     0x00000000    0xc3c8a ./Core/Src/main.o
                              0xc027c (size before relaxing)
 .debug_str     0x000c3c8a    0xc0080 ./Core/Src/stm32h5xx_hal_msp.o
 .debug_str     0x000c3c8a    0xbf29f ./Core/Src/stm32h5xx_it.o
 .debug_str     0x000c3c8a    0xbf70c ./Core/Src/system_stm32h5xx.o
 .debug_str     0x000c3c8a       0x5f ./Core/Startup/startup_stm32h503cbtx.o
 .debug_str     0x000c3c8a    0xc027f ./Drivers/STM32H5xx_HAL_Driver/Src/stm32h5xx_hal.o
 .debug_str     0x000c3c8a    0xbffe9 ./Drivers/STM32H5xx_HAL_Driver/Src/stm32h5xx_hal_cortex.o
 .debug_str     0x000c3c8a    0xbf5ea ./Drivers/STM32H5xx_HAL_Driver/Src/stm32h5xx_hal_gpio.o
 .debug_str     0x000c3c8a    0xc083c ./Drivers/STM32H5xx_HAL_Driver/Src/stm32h5xx_hal_i2c.o
 .debug_str     0x000c3c8a    0xbf95d ./Drivers/STM32H5xx_HAL_Driver/Src/stm32h5xx_hal_i2c_ex.o
 .debug_str     0x000c3c8a    0xbfc4c ./Drivers/STM32H5xx_HAL_Driver/Src/stm32h5xx_hal_rcc.o
 .debug_str     0x000c3c8a    0xbfda3 ./Drivers/STM32H5xx_HAL_Driver/Src/stm32h5xx_hal_rcc_ex.o
 .debug_str     0x000c3c8a    0xc02cf ./Drivers/STM32H5xx_HAL_Driver/Src/stm32h5xx_hal_uart.o
 .debug_str     0x000c3c8a    0xbfca0 ./Drivers/STM32H5xx_HAL_Driver/Src/stm32h5xx_hal_uart_ex.o

.comment        0x00000000       0x43
 .comment       0x00000000       0x43 ./Core/Src/main.o
                                 0x44 (size before relaxing)
 .comment       0x00000043       0x44 ./Core/Src/stm32h5xx_hal_msp.o
 .comment       0x00000043       0x44 ./Core/Src/stm32h5xx_it.o
 .comment       0x00000043       0x44 ./Core/Src/system_stm32h5xx.o
 .comment       0x00000043       0x44 ./Drivers/STM32H5xx_HAL_Driver/Src/stm32h5xx_hal.o
 .comment       0x00000043       0x44 ./Drivers/STM32H5xx_HAL_Driver/Src/stm32h5xx_hal_cortex.o
 .comment       0x00000043       0x44 ./Drivers/STM32H5xx_HAL_Driver/Src/stm32h5xx_hal_gpio.o
 .comment       0x00000043       0x44 ./Drivers/STM32H5xx_HAL_Driver/Src/stm32h5xx_hal_i2c.o
 .comment       0x00000043       0x44 ./Drivers/STM32H5xx_HAL_Driver/Src/stm32h5xx_hal_i2c_ex.o
 .comment       0x00000043       0x44 ./Drivers/STM32H5xx_HAL_Driver/Src/stm32h5xx_hal_rcc.o
 .comment       0x00000043       0x44 ./Drivers/STM32H5xx_HAL_Driver/Src/stm32h5xx_hal_rcc_ex.o
 .comment       0x00000043       0x44 ./Drivers/STM32H5xx_HAL_Driver/Src/stm32h5xx_hal_uart.o
 .comment       0x00000043       0x44 ./Drivers/STM32H5xx_HAL_Driver/Src/stm32h5xx_hal_uart_ex.o

.debug_frame    0x00000000     0x327c
 .debug_frame   0x00000000      0x148 ./Core/Src/main.o
 .debug_frame   0x00000148       0xc8 ./Core/Src/stm32h5xx_hal_msp.o
 .debug_frame   0x00000210      0x104 ./Core/Src/stm32h5xx_it.o
 .debug_frame   0x00000314       0x60 ./Core/Src/system_stm32h5xx.o
 .debug_frame   0x00000374      0x66c ./Drivers/STM32H5xx_HAL_Driver/Src/stm32h5xx_hal.o
 .debug_frame   0x000009e0      0x560 ./Drivers/STM32H5xx_HAL_Driver/Src/stm32h5xx_hal_cortex.o
 .debug_frame   0x00000f40      0x1ec ./Drivers/STM32H5xx_HAL_Driver/Src/stm32h5xx_hal_gpio.o
 .debug_frame   0x0000112c      0xc44 ./Drivers/STM32H5xx_HAL_Driver/Src/stm32h5xx_hal_i2c.o
 .debug_frame   0x00001d70       0xd8 ./Drivers/STM32H5xx_HAL_Driver/Src/stm32h5xx_hal_i2c_ex.o
 .debug_frame   0x00001e48      0x264 ./Drivers/STM32H5xx_HAL_Driver/Src/stm32h5xx_hal_rcc.o
 .debug_frame   0x000020ac      0x3d8 ./Drivers/STM32H5xx_HAL_Driver/Src/stm32h5xx_hal_rcc_ex.o
 .debug_frame   0x00002484      0xa84 ./Drivers/STM32H5xx_HAL_Driver/Src/stm32h5xx_hal_uart.o
 .debug_frame   0x00002f08      0x2c4 ./Drivers/STM32H5xx_HAL_Driver/Src/stm32h5xx_hal_uart_ex.o
 .debug_frame   0x000031cc       0x20 D:/stm/STM32CubeIDE_1.18.1/STM32CubeIDE/plugins/com.st.stm32cube.ide.mcu.externaltools.gnu-tools-for-stm32.13.3.rel1.win32_1.0.0.202411081344/tools/bin/../lib/gcc/arm-none-eabi/13.3.1/../../../../arm-none-eabi/lib/thumb/v8-m.main+fp/hard\libc_nano.a(libc_a-memset.o)
 .debug_frame   0x000031ec       0x2c D:/stm/STM32CubeIDE_1.18.1/STM32CubeIDE/plugins/com.st.stm32cube.ide.mcu.externaltools.gnu-tools-for-stm32.13.3.rel1.win32_1.0.0.202411081344/tools/bin/../lib/gcc/arm-none-eabi/13.3.1/../../../../arm-none-eabi/lib/thumb/v8-m.main+fp/hard\libc_nano.a(libc_a-init.o)
 .debug_frame   0x00003218       0x2c D:/stm/STM32CubeIDE_1.18.1/STM32CubeIDE/plugins/com.st.stm32cube.ide.mcu.externaltools.gnu-tools-for-stm32.13.3.rel1.win32_1.0.0.202411081344/tools/bin/../lib/gcc/arm-none-eabi/13.3.1/thumb/v8-m.main+fp/hard\libgcc.a(_aeabi_uldivmod.o)
 .debug_frame   0x00003244       0x38 D:/stm/STM32CubeIDE_1.18.1/STM32CubeIDE/plugins/com.st.stm32cube.ide.mcu.externaltools.gnu-tools-for-stm32.13.3.rel1.win32_1.0.0.202411081344/tools/bin/../lib/gcc/arm-none-eabi/13.3.1/thumb/v8-m.main+fp/hard\libgcc.a(_udivmoddi4.o)

.debug_line_str
                0x00000000       0x43
 .debug_line_str
                0x00000000       0x43 ./Core/Startup/startup_stm32h503cbtx.o
